// Jest Snapshot v1, https://goo.gl/fbAQLP

exports[`QuizTimer Component snapshot 1`] = `
<div
  className="relative h-10 w-full rounded-full overflow-hidden"
>
  <div
    className="text-white font-black left-0 w-full top-0 h-full text-center py-2 absolute z-10"
    style={Object {}}
  >
    <span>
      10
    </span>
  </div>
  <div
    className="absolute left-0 w-full top-0 h-full bg-gray-500 opacity-25"
  />
  <div
    className="absolute left-0 top-0 h-full transition-all ease-out duration-1000 bg-blue-400"
    style={
      Object {
        "width": "100%",
      }
    }
  />
</div>
`;
